{
  "version": "ref-1.0",
  "built_from": "DOMESTIC_with_distances.xlsx",
  "lane_rows": 111,
  "region_rows": 50,
  "min_fare": {
    "3 TON PU": 100.0,
    "FB": 200.0,
    "LOWBED": 614.83,
    "FLATBED": 200.0,
    "7 TON PU": 200.0,
    "DEFAULT": 200.0
  },
  "adjusters": {
    "FLATBED_HAZMAT": 1.15,
    "FLATBED_CICPA": 1.08
  }
}