{
  "3 TON PU": 100.0,
  "FB": 200.0,
  "LOWBED": 614.83,
  "FLATBED": 200.0,
  "7 TON PU": 200.0,
  "DEFAULT": 200.0
}